###############################################################################
#
# IAR ELF Linker V8.30.2.160/W32 for ARM                  30/Oct/2018  15:47:30
# Copyright 2007-2018 IAR Systems AB.
#
#    Output file  =  
#        C:\Users\Jan Mrázek\Dropbox\KRP\usb-device\Debug\Exe\usbdev.out
#    Map file     =  
#        C:\Users\Jan Mrázek\Dropbox\KRP\usb-device\Debug\List\usbdev.map
#    Command line =  
#        -f C:\Users\JANMRZ~1\AppData\Local\Temp\EW16E8.tmp ("C:\Users\Jan
#        Mrázek\Dropbox\KRP\usb-device\Debug\Obj\lcd.o" "C:\Users\Jan
#        Mrázek\Dropbox\KRP\usb-device\Debug\Obj\main.o" "C:\Users\Jan
#        Mrázek\Dropbox\KRP\usb-device\Debug\Obj\misc.o" "C:\Users\Jan
#        Mrázek\Dropbox\KRP\usb-device\Debug\Obj\startup_stm32f40xx.o"
#        "C:\Users\Jan
#        Mrázek\Dropbox\KRP\usb-device\Debug\Obj\stm32f4xx_adc.o"
#        "C:\Users\Jan
#        Mrázek\Dropbox\KRP\usb-device\Debug\Obj\stm32f4xx_can.o"
#        "C:\Users\Jan
#        Mrázek\Dropbox\KRP\usb-device\Debug\Obj\stm32f4xx_cec.o"
#        "C:\Users\Jan
#        Mrázek\Dropbox\KRP\usb-device\Debug\Obj\stm32f4xx_crc.o"
#        "C:\Users\Jan
#        Mrázek\Dropbox\KRP\usb-device\Debug\Obj\stm32f4xx_cryp.o"
#        "C:\Users\Jan
#        Mrázek\Dropbox\KRP\usb-device\Debug\Obj\stm32f4xx_cryp_aes.o"
#        "C:\Users\Jan
#        Mrázek\Dropbox\KRP\usb-device\Debug\Obj\stm32f4xx_cryp_des.o"
#        "C:\Users\Jan
#        Mrázek\Dropbox\KRP\usb-device\Debug\Obj\stm32f4xx_cryp_tdes.o"
#        "C:\Users\Jan
#        Mrázek\Dropbox\KRP\usb-device\Debug\Obj\stm32f4xx_dac.o"
#        "C:\Users\Jan
#        Mrázek\Dropbox\KRP\usb-device\Debug\Obj\stm32f4xx_dbgmcu.o"
#        "C:\Users\Jan
#        Mrázek\Dropbox\KRP\usb-device\Debug\Obj\stm32f4xx_dcmi.o"
#        "C:\Users\Jan
#        Mrázek\Dropbox\KRP\usb-device\Debug\Obj\stm32f4xx_dfsdm.o"
#        "C:\Users\Jan
#        Mrázek\Dropbox\KRP\usb-device\Debug\Obj\stm32f4xx_dma.o"
#        "C:\Users\Jan
#        Mrázek\Dropbox\KRP\usb-device\Debug\Obj\stm32f4xx_dma2d.o"
#        "C:\Users\Jan
#        Mrázek\Dropbox\KRP\usb-device\Debug\Obj\stm32f4xx_dsi.o"
#        "C:\Users\Jan
#        Mrázek\Dropbox\KRP\usb-device\Debug\Obj\stm32f4xx_exti.o"
#        "C:\Users\Jan
#        Mrázek\Dropbox\KRP\usb-device\Debug\Obj\stm32f4xx_flash.o"
#        "C:\Users\Jan
#        Mrázek\Dropbox\KRP\usb-device\Debug\Obj\stm32f4xx_flash_ramfunc.o"
#        "C:\Users\Jan
#        Mrázek\Dropbox\KRP\usb-device\Debug\Obj\stm32f4xx_fmpi2c.o"
#        "C:\Users\Jan
#        Mrázek\Dropbox\KRP\usb-device\Debug\Obj\stm32f4xx_fsmc.o"
#        "C:\Users\Jan
#        Mrázek\Dropbox\KRP\usb-device\Debug\Obj\stm32f4xx_gpio.o"
#        "C:\Users\Jan
#        Mrázek\Dropbox\KRP\usb-device\Debug\Obj\stm32f4xx_hash.o"
#        "C:\Users\Jan
#        Mrázek\Dropbox\KRP\usb-device\Debug\Obj\stm32f4xx_hash_md5.o"
#        "C:\Users\Jan
#        Mrázek\Dropbox\KRP\usb-device\Debug\Obj\stm32f4xx_hash_sha1.o"
#        "C:\Users\Jan
#        Mrázek\Dropbox\KRP\usb-device\Debug\Obj\stm32f4xx_i2c.o"
#        "C:\Users\Jan
#        Mrázek\Dropbox\KRP\usb-device\Debug\Obj\stm32f4xx_iwdg.o"
#        "C:\Users\Jan
#        Mrázek\Dropbox\KRP\usb-device\Debug\Obj\stm32f4xx_lptim.o"
#        "C:\Users\Jan
#        Mrázek\Dropbox\KRP\usb-device\Debug\Obj\stm32f4xx_ltdc.o"
#        "C:\Users\Jan
#        Mrázek\Dropbox\KRP\usb-device\Debug\Obj\stm32f4xx_pwr.o"
#        "C:\Users\Jan
#        Mrázek\Dropbox\KRP\usb-device\Debug\Obj\stm32f4xx_qspi.o"
#        "C:\Users\Jan
#        Mrázek\Dropbox\KRP\usb-device\Debug\Obj\stm32f4xx_rcc.o"
#        "C:\Users\Jan
#        Mrázek\Dropbox\KRP\usb-device\Debug\Obj\stm32f4xx_rng.o"
#        "C:\Users\Jan
#        Mrázek\Dropbox\KRP\usb-device\Debug\Obj\stm32f4xx_rtc.o"
#        "C:\Users\Jan
#        Mrázek\Dropbox\KRP\usb-device\Debug\Obj\stm32f4xx_sai.o"
#        "C:\Users\Jan
#        Mrázek\Dropbox\KRP\usb-device\Debug\Obj\stm32f4xx_sdio.o"
#        "C:\Users\Jan
#        Mrázek\Dropbox\KRP\usb-device\Debug\Obj\stm32f4xx_spdifrx.o"
#        "C:\Users\Jan
#        Mrázek\Dropbox\KRP\usb-device\Debug\Obj\stm32f4xx_spi.o"
#        "C:\Users\Jan
#        Mrázek\Dropbox\KRP\usb-device\Debug\Obj\stm32f4xx_syscfg.o"
#        "C:\Users\Jan
#        Mrázek\Dropbox\KRP\usb-device\Debug\Obj\stm32f4xx_tim.o"
#        "C:\Users\Jan
#        Mrázek\Dropbox\KRP\usb-device\Debug\Obj\stm32f4xx_usart.o"
#        "C:\Users\Jan
#        Mrázek\Dropbox\KRP\usb-device\Debug\Obj\stm32f4xx_wwdg.o"
#        "C:\Users\Jan
#        Mrázek\Dropbox\KRP\usb-device\Debug\Obj\system_stm32f4xx.o"
#        --no_out_extension -o "C:\Users\Jan
#        Mrázek\Dropbox\KRP\usb-device\Debug\Exe\usbdev.out" --redirect
#        _Printf=_PrintfFullNoMb --redirect _Scanf=_ScanfFullNoMb --map
#        "C:\Users\Jan Mrázek\Dropbox\KRP\usb-device\Debug\List\usbdev.map"
#        --config "C:\Program Files (x86)\IAR Systems\Embedded Workbench
#        8.1\arm\CONFIG\generic_cortex.icf" --semihosting --entry
#        __iar_program_start --vfe --text_out locale)
#
###############################################################################

*******************************************************************************
*** RUNTIME MODEL ATTRIBUTES
***

CppFlavor       = *
__SystemLibrary = DLib
__dlib_version  = 6


*******************************************************************************
*** HEAP SELECTION
***

The basic heap was selected because some modules are built with
size limitations (and not runtime checking), and --advanced_heap
was not specified.


*******************************************************************************
*** PLACEMENT SUMMARY
***

"A0":  place at 0x0 { ro section .intvec };
"P1":  place in [from 0x0 to 0x7'ffff] { ro };
define block CSTACK with size = 1K, alignment = 8 { };
define block PROC_STACK with size = 0M, alignment = 8 { };
define block HEAP with size = 2K, alignment = 8 { };
"P2":  place in [from 0x2000'0000 to 0x2000'ffff] {
          rw, block CSTACK, block PROC_STACK, block HEAP };

No sections matched the following patterns:

  rw  in "P2"


  Section   Kind         Address   Size  Object
  -------   ----         -------   ----  ------
"A0":                             0x188
  .intvec   ro code          0x0  0x188  startup_stm32f40xx.o [1]
                         - 0x188  0x188

"P1":                             0x4c4
  .text     ro code        0x188  0x114  system_stm32f4xx.o [1]
  .text     ro code        0x29c   0xfc  stm32f4xx_gpio.o [1]
  .text     ro code        0x398   0x74  misc.o [1]
  .text     ro code        0x40c   0x70  main.o [1]
  .text     ro code        0x47c   0x1e  cmain.o [3]
  .text     ro code        0x49a    0x4  low_level_init.o [2]
  .text     ro code        0x49e    0x4  exit.o [2]
  .text     ro code        0x4a4    0xa  cexit.o [3]
  .text     ro code        0x4b0   0x14  exit.o [4]
  .text     ro code        0x4c4   0x10  startup_stm32f40xx.o [1]
  .text     ro code        0x4d4    0xc  cstartup_M.o [3]
  .text     ro code        0x4e0    0x4  startup_stm32f40xx.o [1]
  .text     ro code        0x4e4    0x4  startup_stm32f40xx.o [1]
  .text     ro code        0x4e8    0x4  startup_stm32f40xx.o [1]
  .text     ro code        0x4ec    0x4  startup_stm32f40xx.o [1]
  .text     ro code        0x4f0    0x4  startup_stm32f40xx.o [1]
  .text     ro code        0x4f4    0x4  startup_stm32f40xx.o [1]
  .text     ro code        0x4f8    0x4  startup_stm32f40xx.o [1]
  .text     ro code        0x4fc    0x4  startup_stm32f40xx.o [1]
  .text     ro code        0x500    0x4  startup_stm32f40xx.o [1]
  .text     ro code        0x504    0x4  startup_stm32f40xx.o [1]
  .text     ro code        0x508    0x4  startup_stm32f40xx.o [1]
  .text     ro code        0x50c    0x4  startup_stm32f40xx.o [1]
  .text     ro code        0x510    0x4  startup_stm32f40xx.o [1]
  .text     ro code        0x514    0x4  startup_stm32f40xx.o [1]
  .text     ro code        0x518    0x4  startup_stm32f40xx.o [1]
  .text     ro code        0x51c    0x4  startup_stm32f40xx.o [1]
  .text     ro code        0x520    0x4  startup_stm32f40xx.o [1]
  .text     ro code        0x524    0x4  startup_stm32f40xx.o [1]
  .text     ro code        0x528    0x4  startup_stm32f40xx.o [1]
  .text     ro code        0x52c    0x4  startup_stm32f40xx.o [1]
  .text     ro code        0x530    0x4  startup_stm32f40xx.o [1]
  .text     ro code        0x534    0x4  startup_stm32f40xx.o [1]
  .text     ro code        0x538    0x4  startup_stm32f40xx.o [1]
  .text     ro code        0x53c    0x4  startup_stm32f40xx.o [1]
  .text     ro code        0x540    0x4  startup_stm32f40xx.o [1]
  .text     ro code        0x544    0x4  startup_stm32f40xx.o [1]
  .text     ro code        0x548    0x4  startup_stm32f40xx.o [1]
  .text     ro code        0x54c    0x4  startup_stm32f40xx.o [1]
  .text     ro code        0x550    0x4  startup_stm32f40xx.o [1]
  .text     ro code        0x554    0x4  startup_stm32f40xx.o [1]
  .text     ro code        0x558    0x4  startup_stm32f40xx.o [1]
  .text     ro code        0x55c    0x4  startup_stm32f40xx.o [1]
  .text     ro code        0x560    0x4  startup_stm32f40xx.o [1]
  .text     ro code        0x564    0x4  startup_stm32f40xx.o [1]
  .text     ro code        0x568    0x4  startup_stm32f40xx.o [1]
  .text     ro code        0x56c    0x4  startup_stm32f40xx.o [1]
  .text     ro code        0x570    0x4  startup_stm32f40xx.o [1]
  .text     ro code        0x574    0x4  startup_stm32f40xx.o [1]
  .text     ro code        0x578    0x4  startup_stm32f40xx.o [1]
  .text     ro code        0x57c    0x4  startup_stm32f40xx.o [1]
  .text     ro code        0x580    0x4  startup_stm32f40xx.o [1]
  .text     ro code        0x584    0x4  startup_stm32f40xx.o [1]
  .text     ro code        0x588    0x4  startup_stm32f40xx.o [1]
  .text     ro code        0x58c    0x4  startup_stm32f40xx.o [1]
  .text     ro code        0x590    0x4  startup_stm32f40xx.o [1]
  .text     ro code        0x594    0x4  startup_stm32f40xx.o [1]
  .text     ro code        0x598    0x4  startup_stm32f40xx.o [1]
  .text     ro code        0x59c    0x4  startup_stm32f40xx.o [1]
  .text     ro code        0x5a0    0x4  startup_stm32f40xx.o [1]
  .text     ro code        0x5a4    0x4  startup_stm32f40xx.o [1]
  .text     ro code        0x5a8    0x4  startup_stm32f40xx.o [1]
  .text     ro code        0x5ac    0x4  startup_stm32f40xx.o [1]
  .text     ro code        0x5b0    0x4  startup_stm32f40xx.o [1]
  .text     ro code        0x5b4    0x4  startup_stm32f40xx.o [1]
  .text     ro code        0x5b8    0x4  startup_stm32f40xx.o [1]
  .text     ro code        0x5bc    0x4  startup_stm32f40xx.o [1]
  .text     ro code        0x5c0    0x4  startup_stm32f40xx.o [1]
  .text     ro code        0x5c4    0x4  startup_stm32f40xx.o [1]
  .text     ro code        0x5c8    0x4  startup_stm32f40xx.o [1]
  .text     ro code        0x5cc    0x4  startup_stm32f40xx.o [1]
  .text     ro code        0x5d0    0x4  startup_stm32f40xx.o [1]
  .text     ro code        0x5d4    0x4  startup_stm32f40xx.o [1]
  .text     ro code        0x5d8    0x4  startup_stm32f40xx.o [1]
  .text     ro code        0x5dc    0x4  startup_stm32f40xx.o [1]
  .text     ro code        0x5e0    0x4  startup_stm32f40xx.o [1]
  .text     ro code        0x5e4    0x4  startup_stm32f40xx.o [1]
  .text     ro code        0x5e8    0x4  startup_stm32f40xx.o [1]
  .text     ro code        0x5ec    0x4  startup_stm32f40xx.o [1]
  .text     ro code        0x5f0    0x4  startup_stm32f40xx.o [1]
  .text     ro code        0x5f4    0x4  startup_stm32f40xx.o [1]
  .text     ro code        0x5f8    0x4  startup_stm32f40xx.o [1]
  .text     ro code        0x5fc    0x4  startup_stm32f40xx.o [1]
  .text     ro code        0x600    0x4  startup_stm32f40xx.o [1]
  .text     ro code        0x604    0x4  startup_stm32f40xx.o [1]
  .text     ro code        0x608    0x4  startup_stm32f40xx.o [1]
  .text     ro code        0x60c    0x4  startup_stm32f40xx.o [1]
  .text     ro code        0x610    0x4  startup_stm32f40xx.o [1]
  .text     ro code        0x614    0x4  startup_stm32f40xx.o [1]
  .text     ro code        0x618    0x4  startup_stm32f40xx.o [1]
  .text     ro code        0x61c    0x4  startup_stm32f40xx.o [1]
  .text     ro code        0x620    0x4  startup_stm32f40xx.o [1]
  .text     ro code        0x624    0x4  startup_stm32f40xx.o [1]
  .text     ro code        0x628    0x4  startup_stm32f40xx.o [1]
  .text     ro code        0x62c    0x4  startup_stm32f40xx.o [1]
  .text     ro code        0x630    0x4  startup_stm32f40xx.o [1]
  .text     ro code        0x634    0x4  startup_stm32f40xx.o [1]
  .text     ro code        0x638    0x4  startup_stm32f40xx.o [1]
  .text     ro code        0x63c    0x4  startup_stm32f40xx.o [1]
  .text     ro code        0x640    0x4  startup_stm32f40xx.o [1]
  .text     ro code        0x644    0x4  startup_stm32f40xx.o [1]
  .text     ro code        0x648    0x4  startup_stm32f40xx.o [1]
                         - 0x64c  0x4c4

"P2":                             0x400
  CSTACK             0x2000'0000  0x400  <Block>
    CSTACK  uninit   0x2000'0000  0x400  <Block tail>
                   - 0x2000'0400  0x400

Unused ranges:

         From           To      Size
         ----           --      ----
        0x64c     0x7'ffff  0x7'f9b4
  0x2000'0400  0x2000'ffff    0xfc00



*******************************************************************************
*** MODULE SUMMARY
***

    Module                ro code  rw data
    ------                -------  -------
command line/config:
    --------------------------------------
    Total:

C:\Users\Jan Mrázek\Dropbox\KRP\usb-device\Debug\Obj: [1]
    main.o                    112
    misc.o                    116
    startup_stm32f40xx.o      772
    stm32f4xx_gpio.o          252
    system_stm32f4xx.o        276
    --------------------------------------
    Total:                  1 528

dl7M_tln.a: [2]
    exit.o                      4
    low_level_init.o            4
    --------------------------------------
    Total:                      8

rt7M_tl.a: [3]
    cexit.o                    10
    cmain.o                    30
    cstartup_M.o               12
    --------------------------------------
    Total:                     52

shb_l.a: [4]
    exit.o                     20
    --------------------------------------
    Total:                     20

    Gaps                        4
    Linker created                   1 024
------------------------------------------
    Grand Total:            1 612    1 024


*******************************************************************************
*** ENTRY LIST
***

Entry                     Address  Size  Type      Object
-----                     -------  ----  ----      ------
?main                       0x47d        Code  Gb  cmain.o [3]
CSTACK$$Base          0x2000'0000         --   Gb  - Linker created -
CSTACK$$Limit         0x2000'0400         --   Gb  - Linker created -
GPIO_Init                   0x29d  0xa8  Code  Gb  stm32f4xx_gpio.o [1]
GPIO_PinAFConfig            0x345  0x54  Code  Gb  stm32f4xx_gpio.o [1]
NVIC_Init                   0x399  0x62  Code  Gb  misc.o [1]
Region$$Table$$Base           0x0         --   Gb  - Linker created -
Region$$Table$$Limit          0x0         --   Gb  - Linker created -
SetSysClock                 0x1c5  0xaa  Code  Lc  system_stm32f4xx.o [1]
SystemInit                  0x189  0x3c  Code  Gb  system_stm32f4xx.o [1]
__cmain                     0x47d        Code  Gb  cmain.o [3]
__exit                      0x4b1  0x14  Code  Gb  exit.o [4]
__iar_program_start         0x4d5        Code  Gb  cstartup_M.o [3]
__low_level_init            0x49b   0x4  Code  Gb  low_level_init.o [2]
__vector_table                0x0        Data  Gb  startup_stm32f40xx.o [1]
_call_main                  0x489        Code  Gb  cmain.o [3]
_exit                       0x4a5        Code  Gb  cexit.o [3]
_main                       0x497        Code  Gb  cmain.o [3]
exit                        0x49f   0x4  Code  Gb  exit.o [2]
main                        0x40d  0x70  Code  Gb  main.o [1]


[1] = C:\Users\Jan Mrázek\Dropbox\KRP\usb-device\Debug\Obj
[2] = dl7M_tln.a
[3] = rt7M_tl.a
[4] = shb_l.a

  1 612 bytes of readonly  code memory
  1 024 bytes of readwrite data memory

Errors: none
Warnings: none
